Archive member included to satisfy reference by file (symbol)

c:/st/stm32cubeide_1.7.0/stm32cubeide/plugins/com.st.stm32cube.ide.mcu.externaltools.gnu-tools-for-stm32.9-2020-q2-update.win32_2.0.0.202105311346/tools/bin/../lib/gcc/arm-none-eabi/9.3.1/../../../../arm-none-eabi/lib/thumb/v7e-m+fp/hard\libc_nano.a(lib_a-errno.o)
                              ./Core/Src/syscalls.o (__errno)
c:/st/stm32cubeide_1.7.0/stm32cubeide/plugins/com.st.stm32cube.ide.mcu.externaltools.gnu-tools-for-stm32.9-2020-q2-update.win32_2.0.0.202105311346/tools/bin/../lib/gcc/arm-none-eabi/9.3.1/../../../../arm-none-eabi/lib/thumb/v7e-m+fp/hard\libc_nano.a(lib_a-exit.o)
                              c:/st/stm32cubeide_1.7.0/stm32cubeide/plugins/com.st.stm32cube.ide.mcu.externaltools.gnu-tools-for-stm32.9-2020-q2-update.win32_2.0.0.202105311346/tools/bin/../lib/gcc/arm-none-eabi/9.3.1/../../../../arm-none-eabi/lib/thumb/v7e-m+fp/hard/crt0.o (exit)
c:/st/stm32cubeide_1.7.0/stm32cubeide/plugins/com.st.stm32cube.ide.mcu.externaltools.gnu-tools-for-stm32.9-2020-q2-update.win32_2.0.0.202105311346/tools/bin/../lib/gcc/arm-none-eabi/9.3.1/../../../../arm-none-eabi/lib/thumb/v7e-m+fp/hard\libc_nano.a(lib_a-impure.o)
                              c:/st/stm32cubeide_1.7.0/stm32cubeide/plugins/com.st.stm32cube.ide.mcu.externaltools.gnu-tools-for-stm32.9-2020-q2-update.win32_2.0.0.202105311346/tools/bin/../lib/gcc/arm-none-eabi/9.3.1/../../../../arm-none-eabi/lib/thumb/v7e-m+fp/hard\libc_nano.a(lib_a-exit.o) (_global_impure_ptr)
c:/st/stm32cubeide_1.7.0/stm32cubeide/plugins/com.st.stm32cube.ide.mcu.externaltools.gnu-tools-for-stm32.9-2020-q2-update.win32_2.0.0.202105311346/tools/bin/../lib/gcc/arm-none-eabi/9.3.1/../../../../arm-none-eabi/lib/thumb/v7e-m+fp/hard\libc_nano.a(lib_a-init.o)
                              c:/st/stm32cubeide_1.7.0/stm32cubeide/plugins/com.st.stm32cube.ide.mcu.externaltools.gnu-tools-for-stm32.9-2020-q2-update.win32_2.0.0.202105311346/tools/bin/../lib/gcc/arm-none-eabi/9.3.1/../../../../arm-none-eabi/lib/thumb/v7e-m+fp/hard/crt0.o (__libc_init_array)
c:/st/stm32cubeide_1.7.0/stm32cubeide/plugins/com.st.stm32cube.ide.mcu.externaltools.gnu-tools-for-stm32.9-2020-q2-update.win32_2.0.0.202105311346/tools/bin/../lib/gcc/arm-none-eabi/9.3.1/../../../../arm-none-eabi/lib/thumb/v7e-m+fp/hard\libc_nano.a(lib_a-memset.o)
                              c:/st/stm32cubeide_1.7.0/stm32cubeide/plugins/com.st.stm32cube.ide.mcu.externaltools.gnu-tools-for-stm32.9-2020-q2-update.win32_2.0.0.202105311346/tools/bin/../lib/gcc/arm-none-eabi/9.3.1/../../../../arm-none-eabi/lib/thumb/v7e-m+fp/hard/crt0.o (memset)
c:/st/stm32cubeide_1.7.0/stm32cubeide/plugins/com.st.stm32cube.ide.mcu.externaltools.gnu-tools-for-stm32.9-2020-q2-update.win32_2.0.0.202105311346/tools/bin/../lib/gcc/arm-none-eabi/9.3.1/../../../../arm-none-eabi/lib/thumb/v7e-m+fp/hard\libc_nano.a(lib_a-printf.o)
                              ./Core/Src/ov7670.o (printf)
c:/st/stm32cubeide_1.7.0/stm32cubeide/plugins/com.st.stm32cube.ide.mcu.externaltools.gnu-tools-for-stm32.9-2020-q2-update.win32_2.0.0.202105311346/tools/bin/../lib/gcc/arm-none-eabi/9.3.1/../../../../arm-none-eabi/lib/thumb/v7e-m+fp/hard\libc_nano.a(lib_a-findfp.o)
                              c:/st/stm32cubeide_1.7.0/stm32cubeide/plugins/com.st.stm32cube.ide.mcu.externaltools.gnu-tools-for-stm32.9-2020-q2-update.win32_2.0.0.202105311346/tools/bin/../lib/gcc/arm-none-eabi/9.3.1/../../../../arm-none-eabi/lib/thumb/v7e-m+fp/hard\libc_nano.a(lib_a-printf.o) (__sinit)
c:/st/stm32cubeide_1.7.0/stm32cubeide/plugins/com.st.stm32cube.ide.mcu.externaltools.gnu-tools-for-stm32.9-2020-q2-update.win32_2.0.0.202105311346/tools/bin/../lib/gcc/arm-none-eabi/9.3.1/../../../../arm-none-eabi/lib/thumb/v7e-m+fp/hard\libc_nano.a(lib_a-fwalk.o)
                              c:/st/stm32cubeide_1.7.0/stm32cubeide/plugins/com.st.stm32cube.ide.mcu.externaltools.gnu-tools-for-stm32.9-2020-q2-update.win32_2.0.0.202105311346/tools/bin/../lib/gcc/arm-none-eabi/9.3.1/../../../../arm-none-eabi/lib/thumb/v7e-m+fp/hard\libc_nano.a(lib_a-findfp.o) (_fwalk)
c:/st/stm32cubeide_1.7.0/stm32cubeide/plugins/com.st.stm32cube.ide.mcu.externaltools.gnu-tools-for-stm32.9-2020-q2-update.win32_2.0.0.202105311346/tools/bin/../lib/gcc/arm-none-eabi/9.3.1/../../../../arm-none-eabi/lib/thumb/v7e-m+fp/hard\libc_nano.a(lib_a-lock.o)
                              c:/st/stm32cubeide_1.7.0/stm32cubeide/plugins/com.st.stm32cube.ide.mcu.externaltools.gnu-tools-for-stm32.9-2020-q2-update.win32_2.0.0.202105311346/tools/bin/../lib/gcc/arm-none-eabi/9.3.1/../../../../arm-none-eabi/lib/thumb/v7e-m+fp/hard\libc_nano.a(lib_a-findfp.o) (__retarget_lock_init_recursive)
c:/st/stm32cubeide_1.7.0/stm32cubeide/plugins/com.st.stm32cube.ide.mcu.externaltools.gnu-tools-for-stm32.9-2020-q2-update.win32_2.0.0.202105311346/tools/bin/../lib/gcc/arm-none-eabi/9.3.1/../../../../arm-none-eabi/lib/thumb/v7e-m+fp/hard\libc_nano.a(lib_a-nano-mallocr.o)
[...]
Memory Configuration

Name             Origin             Length             Attributes
CCMRAM           0x0000000010000000 0x0000000000010000 xrw
RAM              0x0000000020000000 0x0000000000020000 xrw
FLASH            0x0000000008000000 0x0000000000100000 xr
*default*        0x0000000000000000 0xffffffffffffffff

Linker script and memory map

LOAD c:/st/stm32cubeide_1.7.0/stm32cubeide/plugins/com.st.stm32cube.ide.mcu.externaltools.gnu-tools-for-stm32.9-2020-q2-update.win32_2.0.0.202105311346/tools/bin/../lib/gcc/arm-none-eabi/9.3.1/thumb/v7e-m+fp/hard/crti.o
LOAD c:/st/stm32cubeide_1.7.0/stm32cubeide/plugins/com.st.stm32cube.ide.mcu.externaltools.gnu-tools-for-stm32.9-2020-q2-update.win32_2.0.0.202105311346/tools/bin/../lib/gcc/arm-none-eabi/9.3.1/thumb/v7e-m+fp/hard/crtbegin.o
LOAD c:/st/stm32cubeide_1.7.0/stm32cubeide/plugins/com.st.stm32cube.ide.mcu.externaltools.gnu-tools-for-stm32.9-2020-q2-update.win32_2.0.0.202105311346/tools/bin/../lib/gcc/arm-none-eabi/9.3.1/../../../../arm-none-eabi/lib/thumb/v7e-m+fp/hard/crt0.o
LOAD ./Core/Src/main.o
LOAD ./Core/Src/ov7670.o
LOAD ./Core/Src/spi_ili9341.o
LOAD ./Core/Src/stm32f4xx_hal_msp.o
LOAD ./Core/Src/stm32f4xx_it.o
LOAD ./Core/Src/syscalls.o
LOAD ./Core/Src/sysmem.o
LOAD ./Core/Src/system_stm32f4xx.o
LOAD ./Core/Startup/startup_stm32f407vgtx.o
LOAD ./Drivers/STM32F4xx_HAL_Driver/Src/stm32f4xx_hal.o
LOAD ./Drivers/STM32F4xx_HAL_Driver/Src/stm32f4xx_hal_cortex.o
LOAD ./Drivers/STM32F4xx_HAL_Driver/Src/stm32f4xx_hal_dcmi.o
LOAD ./Drivers/STM32F4xx_HAL_Driver/Src/stm32f4xx_hal_dcmi_ex.o
LOAD ./Drivers/STM32F4xx_HAL_Driver/Src/stm32f4xx_hal_dma.o
LOAD ./Drivers/STM32F4xx_HAL_Driver/Src/stm32f4xx_hal_dma_ex.o
LOAD ./Drivers/STM32F4xx_HAL_Driver/Src/stm32f4xx_hal_exti.o
LOAD ./Drivers/STM32F4xx_HAL_Driver/Src/stm32f4xx_hal_flash.o
LOAD ./Drivers/STM32F4xx_HAL_Driver/Src/stm32f4xx_hal_flash_ex.o
LOAD ./Drivers/STM32F4xx_HAL_Driver/Src/stm32f4xx_hal_flash_ramfunc.o
LOAD ./Drivers/STM32F4xx_HAL_Driver/Src/stm32f4xx_hal_gpio.o
LOAD ./Drivers/STM32F4xx_HAL_Driver/Src/stm32f4xx_hal_i2c.o
LOAD ./Drivers/STM32F4xx_HAL_Driver/Src/stm32f4xx_hal_i2c_ex.o
LOAD ./Drivers/STM32F4xx_HAL_Driver/Src/stm32f4xx_hal_pwr.o
LOAD ./Drivers/STM32F4xx_HAL_Driver/Src/stm32f4xx_hal_pwr_ex.o
LOAD ./Drivers/STM32F4xx_HAL_Driver/Src/stm32f4xx_hal_rcc.o
LOAD ./Drivers/STM32F4xx_HAL_Driver/Src/stm32f4xx_hal_rcc_ex.o
LOAD ./Drivers/STM32F4xx_HAL_Driver/Src/stm32f4xx_hal_rng.o
LOAD ./Drivers/STM32F4xx_HAL_Driver/Src/stm32f4xx_hal_spi.o
LOAD ./Drivers/STM32F4xx_HAL_Driver/Src/stm32f4xx_hal_tim.o
LOAD ./Drivers/STM32F4xx_HAL_Driver/Src/stm32f4xx_hal_tim_ex.o
START GROUP
LOAD c:/st/stm32cubeide_1.7.0/stm32cubeide/plugins/com.st.stm32cube.ide.mcu.externaltools.gnu-tools-for-stm32.9-2020-q2-update.win32_2.0.0.202105311346/tools/bin/../lib/gcc/arm-none-eabi/9.3.1/../../../../arm-none-eabi/lib/thumb/v7e-m+fp/hard\libstdc++_nano.a
LOAD c:/st/stm32cubeide_1.7.0/stm32cubeide/plugins/com.st.stm32cube.ide.mcu.externaltools.gnu-tools-for-stm32.9-2020-q2-update.win32_2.0.0.202105311346/tools/bin/../lib/gcc/arm-none-eabi/9.3.1/../../../../arm-none-eabi/lib/thumb/v7e-m+fp/hard\libsupc++_nano.a
END GROUP
LOAD c:/st/stm32cubeide_1.7.0/stm32cubeide/plugins/com.st.stm32cube.ide.mcu.externaltools.gnu-tools-for-stm32.9-2020-q2-update.win32_2.0.0.202105311346/tools/bin/../lib/gcc/arm-none-eabi/9.3.1/../../../../arm-none-eabi/lib/thumb/v7e-m+fp/hard\libstdc++_nano.a
LOAD c:/st/stm32cubeide_1.7.0/stm32cubeide/plugins/com.st.stm32cube.ide.mcu.externaltools.gnu-tools-for-stm32.9-2020-q2-update.win32_2.0.0.202105311346/tools/bin/../lib/gcc/arm-none-eabi/9.3.1/../../../../arm-none-eabi/lib/thumb/v7e-m+fp/hard\libm.a
LOAD c:/st/stm32cubeide_1.7.0/stm32cubeide/plugins/com.st.stm32cube.ide.mcu.externaltools.gnu-tools-for-stm32.9-2020-q2-update.win32_2.0.0.202105311346/tools/bin/../lib/gcc/arm-none-eabi/9.3.1/../../../../arm-none-eabi/lib/thumb/v7e-m+fp/hard\libc_nano.a
START GROUP
LOAD c:/st/stm32cubeide_1.7.0/stm32cubeide/plugins/com.st.stm32cube.ide.mcu.externaltools.gnu-tools-for-stm32.9-2020-q2-update.win32_2.0.0.202105311346/tools/bin/../lib/gcc/arm-none-eabi/9.3.1/thumb/v7e-m+fp/hard\libgcc.a
LOAD c:/st/stm32cubeide_1.7.0/stm32cubeide/plugins/com.st.stm32cube.ide.mcu.externaltools.gnu-tools-for-stm32.9-2020-q2-update.win32_2.0.0.202105311346/tools/bin/../lib/gcc/arm-none-eabi/9.3.1/../../../../arm-none-eabi/lib/thumb/v7e-m+fp/hard\libc_nano.a
END GROUP
START GROUP
LOAD c:/st/stm32cubeide_1.7.0/stm32cubeide/plugins/com.st.stm32cube.ide.mcu.externaltools.gnu-tools-for-stm32.9-2020-q2-update.win32_2.0.0.202105311346/tools/bin/../lib/gcc/arm-none-eabi/9.3.1/thumb/v7e-m+fp/hard\libgcc.a
LOAD c:/st/stm32cubeide_1.7.0/stm32cubeide/plugins/com.st.stm32cube.ide.mcu.externaltools.gnu-tools-for-stm32.9-2020-q2-update.win32_2.0.0.202105311346/tools/bin/../lib/gcc/arm-none-eabi/9.3.1/../../../../arm-none-eabi/lib/thumb/v7e-m+fp/hard\libc_nano.a
LOAD c:/st/stm32cubeide_1.7.0/stm32cubeide/plugins/com.st.stm32cube.ide.mcu.externaltools.gnu-tools-for-stm32.9-2020-q2-update.win32_2.0.0.202105311346/tools/bin/../lib/gcc/arm-none-eabi/9.3.1/../../../../arm-none-eabi/lib/thumb/v7e-m+fp/hard\libnosys.a
END GROUP
START GROUP
LOAD c:/st/stm32cubeide_1.7.0/stm32cubeide/plugins/com.st.stm32cube.ide.mcu.externaltools.gnu-tools-for-stm32.9-2020-q2-update.win32_2.0.0.202105311346/tools/bin/../lib/gcc/arm-none-eabi/9.3.1/thumb/v7e-m+fp/hard\libgcc.a
LOAD c:/st/stm32cubeide_1.7.0/stm32cubeide/plugins/com.st.stm32cube.ide.mcu.externaltools.gnu-tools-for-stm32.9-2020-q2-update.win32_2.0.0.202105311346/tools/bin/../lib/gcc/arm-none-eabi/9.3.1/../../../../arm-none-eabi/lib/thumb/v7e-m+fp/hard\libc_nano.a
LOAD c:/st/stm32cubeide_1.7.0/stm32cubeide/plugins/com.st.stm32cube.ide.mcu.externaltools.gnu-tools-for-stm32.9-2020-q2-update.win32_2.0.0.202105311346/tools/bin/../lib/gcc/arm-none-eabi/9.3.1/../../../../arm-none-eabi/lib/thumb/v7e-m+fp/hard\libnosys.a
END GROUP
LOAD c:/st/stm32cubeide_1.7.0/stm32cubeide/plugins/com.st.stm32cube.ide.mcu.externaltools.gnu-tools-for-stm32.9-2020-q2-update.win32_2.0.0.202105311346/tools/bin/../lib/gcc/arm-none-eabi/9.3.1/thumb/v7e-m+fp/hard/crtend.o
LOAD c:/st/stm32cubeide_1.7.0/stm32cubeide/plugins/com.st.stm32cube.ide.mcu.externaltools.gnu-tools-for-stm32.9-2020-q2-update.win32_2.0.0.202105311346/tools/bin/../lib/gcc/arm-none-eabi/9.3.1/thumb/v7e-m+fp/hard/crtn.o
                0x0000000020020000                _estack = (ORIGIN (RAM) + LENGTH (RAM))
                0x0000000000000400                _Min_Heap_Size = 0x400
                0x0000000000000800                _Min_Stack_Size = 0x800

.isr_vector     0x0000000008000000      0x188
                0x0000000008000000                . = ALIGN (0x4)
 *(.isr_vector)
 .isr_vector    0x0000000008000000      0x188 ./Core/Startup/startup_stm32f407vgtx.o
                0x0000000008000000                g_pfnVectors
                0x0000000008000188                . = ALIGN (0x4)

.text           0x0000000008000188     0x3694
                0x0000000008000188                . = ALIGN (0x4)
 *(.text)
 .text          0x0000000008000188       0x40 c:/st/stm32cubeide_1.7.0/stm32cubeide/plugins/com.st.stm32cube.ide.mcu.externaltools.gnu-tools-for-stm32.9-2020-q2-update.win32_2.0.0.202105311346/tools/bin/../lib/gcc/arm-none-eabi/9.3.1/thumb/v7e-m+fp/hard/crtbegin.o
 .text          0x00000000080001c8       0x30 c:/st/stm32cubeide_1.7.0/stm32cubeide/plugins/com.st.stm32cube.ide.mcu.externaltools.gnu-tools-for-stm32.9-2020-q2-update.win32_2.0.0.202105311346/tools/bin/../lib/gcc/arm-none-eabi/9.3.1/thumb/v7e-m+fp/hard\libgcc.a(_aeabi_uldivmod.o)
                0x00000000080001c8                __aeabi_uldivmod
 .text          0x00000000080001f8      0x2c4 c:/st/stm32cubeide_1.7.0/stm32cubeide/plugins/com.st.stm32cube.ide.mcu.externaltools.gnu-tools-for-stm32.9-2020-q2-update.win32_2.0.0.202105311346/tools/bin/../lib/gcc/arm-none-eabi/9.3.1/thumb/v7e-m+fp/hard\libgcc.a(_udivmoddi4.o)
                0x00000000080001f8                __udivmoddi4
 .text          0x00000000080004bc        0x4 c:/st/stm32cubeide_1.7.0/stm32cubeide/plugins/com.st.stm32cube.ide.mcu.externaltools.gnu-tools-for-stm32.9-2020-q2-update.win32_2.0.0.202105311346/tools/bin/../lib/gcc/arm-none-eabi/9.3.1/thumb/v7e-m+fp/hard\libgcc.a(_dvmd_tls.o)
                0x00000000080004bc                __aeabi_idiv0
                0x00000000080004bc                __aeabi_ldiv0
 *(.text*)
 .text.main     0x00000000080004c0       0x74 ./Core/Src/main.o
                0x00000000080004c0                main
 .text.SystemClock_Config
                0x0000000008000534       0xe4 ./Core/Src/main.o
                0x0000000008000534                SystemClock_Config
 .text.MX_DCMI_Init
                0x0000000008000618       0x50 ./Core/Src/main.o
 .text.MX_I2C1_Init
                0x0000000008000668       0x5c ./Core/Src/main.o
 .text.MX_RNG_Init
                0x00000000080006c4       0x28 ./Core/Src/main.o
 .text.MX_SPI1_Init
                0x00000000080006ec       0x6c ./Core/Src/main.o
 .text.MX_SPI2_Init
                0x0000000008000758       0x6c ./Core/Src/main.o
 .text.MX_DMA_Init
                0x00000000080007c4       0x40 ./Core/Src/main.o
 .text.MX_GPIO_Init
                0x0000000008000804      0x29c ./Core/Src/main.o
 .text.Error_Handler
                0x0000000008000aa0        0xa ./Core/Src/main.o
                0x0000000008000aa0                Error_Handler
 *fill*         0x0000000008000aaa        0x2 
 .text.HAL_DCMI_FrameEventCallback
                0x0000000008000aac       0x64 ./Core/Src/ov7670.o
                0x0000000008000aac                HAL_DCMI_FrameEventCallback
 .text.HAL_DCMI_VsyncEventCallback
                0x0000000008000b10       0x14 ./Core/Src/ov7670.o
                0x0000000008000b10                HAL_DCMI_VsyncEventCallback
 .text.not      0x0000000008000b24       0x1c ./Core/Src/spi_ili9341.o
                0x0000000008000b24                not
 .text.TFT9341_SendCommand
                0x0000000008000b40       0x34 ./Core/Src/spi_ili9341.o
                0x0000000008000b40                TFT9341_SendCommand
 .text.TFT9341_WriteData
                0x0000000008000b74       0x5c ./Core/Src/spi_ili9341.o
 .text.TFT9341_reset
                0x0000000008000bd0       0x28 ./Core/Src/spi_ili9341.o
                0x0000000008000bd0                TFT9341_reset
 .text.TFT9341_SetAddrWindow
                0x0000000008000bf8       0x90 ./Core/Src/spi_ili9341.o
 .text.TFT9341_FillRect
                0x0000000008000c88       0xe8 ./Core/Src/spi_ili9341.o
                0x0000000008000c88                TFT9341_FillRect
 .text.TFT9341_DrawArray
                0x0000000008000d70       0x90 ./Core/Src/spi_ili9341.o
                0x0000000008000d70                TFT9341_DrawArray
 .text.TFT9341_FillScreen
                0x0000000008000e00       0x38 ./Core/Src/spi_ili9341.o
                0x0000000008000e00                TFT9341_FillScreen
 .text.TFT9341_ini
                0x0000000008000e38      0x2ac ./Core/Src/spi_ili9341.o
                0x0000000008000e38                TFT9341_ini
 .text.HAL_MspInit
                0x00000000080010e4       0x50 ./Core/Src/stm32f4xx_hal_msp.o
                0x00000000080010e4                HAL_MspInit
 .text.HAL_DCMI_MspInit
                0x0000000008001134      0x1cc ./Core/Src/stm32f4xx_hal_msp.o
                0x0000000008001134                HAL_DCMI_MspInit
 .text.HAL_I2C_MspInit
                0x0000000008001300       0x90 ./Core/Src/stm32f4xx_hal_msp.o
                0x0000000008001300                HAL_I2C_MspInit
 .text.HAL_RNG_MspInit
                0x0000000008001390       0x44 ./Core/Src/stm32f4xx_hal_msp.o
                0x0000000008001390                HAL_RNG_MspInit
 .text.HAL_SPI_MspInit
                0x00000000080013d4      0x13c ./Core/Src/stm32f4xx_hal_msp.o
                0x00000000080013d4                HAL_SPI_MspInit
 .text.NMI_Handler
                0x0000000008001510        0x6 ./Core/Src/stm32f4xx_it.o
                0x0000000008001510                NMI_Handler
 .text.HardFault_Handler
                0x0000000008001516        0x6 ./Core/Src/stm32f4xx_it.o
                0x0000000008001516                HardFault_Handler
 .text.MemManage_Handler
                0x000000000800151c        0x6 ./Core/Src/stm32f4xx_it.o
                0x000000000800151c                MemManage_Handler
 .text.BusFault_Handler
                0x0000000008001522        0x6 ./Core/Src/stm32f4xx_it.o
                0x0000000008001522                BusFault_Handler
 .text.UsageFault_Handler
                0x0000000008001528        0x6 ./Core/Src/stm32f4xx_it.o
                0x0000000008001528                UsageFault_Handler
 .text.SVC_Handler
                0x000000000800152e        0xe ./Core/Src/stm32f4xx_it.o
                0x000000000800152e                SVC_Handler
 .text.DebugMon_Handler
                0x000000000800153c        0xe ./Core/Src/stm32f4xx_it.o
                0x000000000800153c                DebugMon_Handler
 .text.PendSV_Handler
                0x000000000800154a        0xe ./Core/Src/stm32f4xx_it.o
                0x000000000800154a                PendSV_Handler
 .text.SysTick_Handler
                0x0000000008001558        0xc ./Core/Src/stm32f4xx_it.o
                0x0000000008001558                SysTick_Handler
 .text.DMA2_Stream1_IRQHandler
                0x0000000008001564       0x1c ./Core/Src/stm32f4xx_it.o
                0x0000000008001564                DMA2_Stream1_IRQHandler
 .text.DCMI_IRQHandler
                0x0000000008001580       0x1c ./Core/Src/stm32f4xx_it.o
                0x0000000008001580                DCMI_IRQHandler
 .text.SystemInit
                0x000000000800159c       0x24 ./Core/Src/system_stm32f4xx.o
                0x000000000800159c                SystemInit
 .text.Reset_Handler
                0x00000000080015c0       0x50 ./Core/Startup/startup_stm32f407vgtx.o
                0x00000000080015c0                Reset_Handler
 .text.Default_Handler
                0x0000000008001610        0x2 ./Core/Startup/startup_stm32f407vgtx.o
                0x0000000008001610                RTC_Alarm_IRQHandler
                0x0000000008001610                HASH_RNG_IRQHandler
                0x0000000008001610                EXTI2_IRQHandler
                0x0000000008001610                TIM8_CC_IRQHandler
                0x0000000008001610                TIM1_CC_IRQHandler
                0x0000000008001610                DMA2_Stream5_IRQHandler
                0x0000000008001610                DMA1_Stream5_IRQHandler
                0x0000000008001610                PVD_IRQHandler
                0x0000000008001610                SDIO_IRQHandler
                0x0000000008001610                TAMP_STAMP_IRQHandler
                0x0000000008001610                CAN2_RX1_IRQHandler
                0x0000000008001610                EXTI3_IRQHandler
                0x0000000008001610                TIM8_TRG_COM_TIM14_IRQHandler
                0x0000000008001610                TIM1_UP_TIM10_IRQHandler
                0x0000000008001610                TIM8_UP_TIM13_IRQHandler
                0x0000000008001610                I2C3_ER_IRQHandler
                0x0000000008001610                EXTI0_IRQHandler
                0x0000000008001610                I2C2_EV_IRQHandler
                0x0000000008001610                DMA1_Stream2_IRQHandler
                0x0000000008001610                CAN1_RX0_IRQHandler
                0x0000000008001610                FPU_IRQHandler
                0x0000000008001610                OTG_HS_WKUP_IRQHandler
                0x0000000008001610                CAN2_SCE_IRQHandler
                0x0000000008001610                DMA2_Stream2_IRQHandler
                0x0000000008001610                SPI1_IRQHandler
                0x0000000008001610                TIM6_DAC_IRQHandler
                0x0000000008001610                TIM1_BRK_TIM9_IRQHandler
                0x0000000008001610                CAN2_RX0_IRQHandler
                0x0000000008001610                DMA2_Stream3_IRQHandler
                0x0000000008001610                USART6_IRQHandler
                0x0000000008001610                USART3_IRQHandler
                0x0000000008001610                CAN1_RX1_IRQHandler
                0x0000000008001610                UART5_IRQHandler
                0x0000000008001610                DMA2_Stream0_IRQHandler
                0x0000000008001610                TIM4_IRQHandler
                0x0000000008001610                I2C1_EV_IRQHandler
                0x0000000008001610                DMA1_Stream6_IRQHandler
                0x0000000008001610                DMA1_Stream1_IRQHandler
                0x0000000008001610                UART4_IRQHandler
                0x0000000008001610                TIM3_IRQHandler
                0x0000000008001610                RCC_IRQHandler
                0x0000000008001610                TIM8_BRK_TIM12_IRQHandler
                0x0000000008001610                Default_Handler
                0x0000000008001610                EXTI15_10_IRQHandler
                0x0000000008001610                ADC_IRQHandler
                0x0000000008001610                DMA1_Stream7_IRQHandler
                0x0000000008001610                TIM7_IRQHandler
                0x0000000008001610                CAN2_TX_IRQHandler
                0x0000000008001610                TIM5_IRQHandler
                0x0000000008001610                DMA2_Stream7_IRQHandler
                0x0000000008001610                I2C3_EV_IRQHandler
                0x0000000008001610                EXTI9_5_IRQHandler
                0x0000000008001610                RTC_WKUP_IRQHandler
                0x0000000008001610                ETH_WKUP_IRQHandler
                0x0000000008001610                SPI2_IRQHandler
                0x0000000008001610                OTG_HS_EP1_IN_IRQHandler
                0x0000000008001610                DMA1_Stream0_IRQHandler
                0x0000000008001610                CAN1_TX_IRQHandler
                0x0000000008001610                EXTI4_IRQHandler
                0x0000000008001610                FSMC_IRQHandler
                0x0000000008001610                ETH_IRQHandler
                0x0000000008001610                OTG_HS_EP1_OUT_IRQHandler
                0x0000000008001610                WWDG_IRQHandler
                0x0000000008001610                TIM2_IRQHandler
                0x0000000008001610                OTG_FS_WKUP_IRQHandler
                0x0000000008001610                TIM1_TRG_COM_TIM11_IRQHandler
                0x0000000008001610                OTG_HS_IRQHandler
                0x0000000008001610                EXTI1_IRQHandler
                0x0000000008001610                USART2_IRQHandler
                0x0000000008001610                I2C2_ER_IRQHandler
                0x0000000008001610                CAN1_SCE_IRQHandler
                0x0000000008001610                FLASH_IRQHandler
                0x0000000008001610                DMA2_Stream4_IRQHandler
                0x0000000008001610                USART1_IRQHandler
                0x0000000008001610                OTG_FS_IRQHandler
                0x0000000008001610                SPI3_IRQHandler
                0x0000000008001610                DMA1_Stream4_IRQHandler
                0x0000000008001610                I2C1_ER_IRQHandler
                0x0000000008001610                DMA2_Stream6_IRQHandler
                0x0000000008001610                DMA1_Stream3_IRQHandler
 *fill*         0x0000000008001612        0x2 
 .text.HAL_Init
                0x0000000008001614       0x44 ./Drivers/STM32F4xx_HAL_Driver/Src/stm32f4xx_hal.o
                0x0000000008001614                HAL_Init
 .text.HAL_InitTick
                0x0000000008001658       0x60 ./Drivers/STM32F4xx_HAL_Driver/Src/stm32f4xx_hal.o
                0x0000000008001658                HAL_InitTick
 .text.HAL_IncTick
                0x00000000080016b8       0x28 ./Drivers/STM32F4xx_HAL_Driver/Src/stm32f4xx_hal.o
                0x00000000080016b8                HAL_IncTick
 .text.HAL_GetTick
                0x00000000080016e0       0x18 ./Drivers/STM32F4xx_HAL_Driver/Src/stm32f4xx_hal.o
                0x00000000080016e0                HAL_GetTick
 .text.HAL_Delay
                0x00000000080016f8       0x48 ./Drivers/STM32F4xx_HAL_Driver/Src/stm32f4xx_hal.o
                0x00000000080016f8                HAL_Delay
 .text.__NVIC_SetPriorityGrouping
                0x0000000008001740       0x48 ./Drivers/STM32F4xx_HAL_Driver/Src/stm32f4xx_hal_cortex.o
 .text.__NVIC_GetPriorityGrouping
                0x0000000008001788       0x1c ./Drivers/STM32F4xx_HAL_Driver/Src/stm32f4xx_hal_cortex.o
 .text.__NVIC_EnableIRQ
                0x00000000080017a4       0x3c ./Drivers/STM32F4xx_HAL_Driver/Src/stm32f4xx_hal_cortex.o
 .text.__NVIC_SetPriority
                0x00000000080017e0       0x54 ./Drivers/STM32F4xx_HAL_Driver/Src/stm32f4xx_hal_cortex.o
 .text.NVIC_EncodePriority
                0x0000000008001834       0x66 ./Drivers/STM32F4xx_HAL_Driver/Src/stm32f4xx_hal_cortex.o
 *fill*         0x000000000800189a        0x2 
 .text.SysTick_Config
                0x000000000800189c       0x44 ./Drivers/STM32F4xx_HAL_Driver/Src/stm32f4xx_hal_cortex.o
 .text.HAL_NVIC_SetPriorityGrouping
                0x00000000080018e0       0x16 ./Drivers/STM32F4xx_HAL_Driver/Src/stm32f4xx_hal_cortex.o
                0x00000000080018e0                HAL_NVIC_SetPriorityGrouping
 .text.HAL_NVIC_SetPriority
                0x00000000080018f6       0x38 ./Drivers/STM32F4xx_HAL_Driver/Src/stm32f4xx_hal_cortex.o
                0x00000000080018f6                HAL_NVIC_SetPriority
 .text.HAL_NVIC_EnableIRQ
                0x000000000800192e       0x1c ./Drivers/STM32F4xx_HAL_Driver/Src/stm32f4xx_hal_cortex.o
                0x000000000800192e                HAL_NVIC_EnableIRQ
 .text.HAL_SYSTICK_Config
                0x000000000800194a       0x18 ./Drivers/STM32F4xx_HAL_Driver/Src/stm32f4xx_hal_cortex.o
                0x000000000800194a                HAL_SYSTICK_Config
 *fill*         0x0000000008001962        0x2 
 .text.HAL_DCMI_IRQHandler
                0x0000000008001964       0xfc ./Drivers/STM32F4xx_HAL_Driver/Src/stm32f4xx_hal_dcmi.o
                0x0000000008001964                HAL_DCMI_IRQHandler
 .text.HAL_DCMI_ErrorCallback
                0x0000000008001a60       0x14 ./Drivers/STM32F4xx_HAL_Driver/Src/stm32f4xx_hal_dcmi.o
                0x0000000008001a60                HAL_DCMI_ErrorCallback
 .text.HAL_DCMI_LineEventCallback
                0x0000000008001a74       0x14 ./Drivers/STM32F4xx_HAL_Driver/Src/stm32f4xx_hal_dcmi.o
                0x0000000008001a74                HAL_DCMI_LineEventCallback
 .text.DCMI_DMAError
                0x0000000008001a88       0x2e ./Drivers/STM32F4xx_HAL_Driver/Src/stm32f4xx_hal_dcmi.o
 .text.HAL_DCMI_Init
                0x0000000008001ab6       0xda ./Drivers/STM32F4xx_HAL_Driver/Src/stm32f4xx_hal_dcmi_ex.o
                0x0000000008001ab6                HAL_DCMI_Init
 .text.HAL_DMA_Init
                0x0000000008001b90      0x15c ./Drivers/STM32F4xx_HAL_Driver/Src/stm32f4xx_hal_dma.o
                0x0000000008001b90                HAL_DMA_Init
 .text.HAL_DMA_Start_IT
                0x0000000008001cec       0xb0 ./Drivers/STM32F4xx_HAL_Driver/Src/stm32f4xx_hal_dma.o
                0x0000000008001cec                HAL_DMA_Start_IT
 .text.HAL_DMA_Abort_IT
                0x0000000008001d9c       0x44 ./Drivers/STM32F4xx_HAL_Driver/Src/stm32f4xx_hal_dma.o
                0x0000000008001d9c                HAL_DMA_Abort_IT
 .text.HAL_DMA_IRQHandler
                0x0000000008001de0      0x314 ./Drivers/STM32F4xx_HAL_Driver/Src/stm32f4xx_hal_dma.o
                0x0000000008001de0                HAL_DMA_IRQHandler
 .text.DMA_SetConfig
                0x00000000080020f4       0x5c ./Drivers/STM32F4xx_HAL_Driver/Src/stm32f4xx_hal_dma.o
 .text.DMA_CalcBaseAndBitshift
                0x0000000008002150       0x6c ./Drivers/STM32F4xx_HAL_Driver/Src/stm32f4xx_hal_dma.o
 .text.DMA_CheckFifoParam
                0x00000000080021bc       0xf8 ./Drivers/STM32F4xx_HAL_Driver/Src/stm32f4xx_hal_dma.o
 .text.HAL_GPIO_Init
                0x00000000080022b4      0x338 ./Drivers/STM32F4xx_HAL_Driver/Src/stm32f4xx_hal_gpio.o
                0x00000000080022b4                HAL_GPIO_Init
 .text.HAL_GPIO_WritePin
                0x00000000080025ec       0x32 ./Drivers/STM32F4xx_HAL_Driver/Src/stm32f4xx_hal_gpio.o
                0x00000000080025ec                HAL_GPIO_WritePin
 *fill*         0x000000000800261e        0x2 
 .text.HAL_I2C_Init
                0x0000000008002620      0x288 ./Drivers/STM32F4xx_HAL_Driver/Src/stm32f4xx_hal_i2c.o
                0x0000000008002620                HAL_I2C_Init
 .text.HAL_RCC_OscConfig
                0x00000000080028a8      0x4f0 ./Drivers/STM32F4xx_HAL_Driver/Src/stm32f4xx_hal_rcc.o
                0x00000000080028a8                HAL_RCC_OscConfig
 .text.HAL_RCC_ClockConfig
                0x0000000008002d98      0x1cc ./Drivers/STM32F4xx_HAL_Driver/Src/stm32f4xx_hal_rcc.o
                0x0000000008002d98                HAL_RCC_ClockConfig
 .text.HAL_RCC_MCOConfig
                0x0000000008002f64       0xd0 ./Drivers/STM32F4xx_HAL_Driver/Src/stm32f4xx_hal_rcc.o
                0x0000000008002f64                HAL_RCC_MCOConfig
 .text.HAL_RCC_GetSysClockFreq
                0x0000000008003034      0x1c4 ./Drivers/STM32F4xx_HAL_Driver/Src/stm32f4xx_hal_rcc.o
                0x0000000008003034                HAL_RCC_GetSysClockFreq
 .text.HAL_RCC_GetHCLKFreq
                0x00000000080031f8       0x18 ./Drivers/STM32F4xx_HAL_Driver/Src/stm32f4xx_hal_rcc.o
                0x00000000080031f8                HAL_RCC_GetHCLKFreq
 .text.HAL_RCC_GetPCLK1Freq
                0x0000000008003210       0x28 ./Drivers/STM32F4xx_HAL_Driver/Src/stm32f4xx_hal_rcc.o
                0x0000000008003210                HAL_RCC_GetPCLK1Freq
 .text.HAL_RNG_Init
                0x0000000008003238       0x54 ./Drivers/STM32F4xx_HAL_Driver/Src/stm32f4xx_hal_rng.o
                0x0000000008003238                HAL_RNG_Init
 .text.HAL_SPI_Init
                0x000000000800328c      0x112 ./Drivers/STM32F4xx_HAL_Driver/Src/stm32f4xx_hal_spi.o
                0x000000000800328c                HAL_SPI_Init
 .text.HAL_SPI_Transmit
                0x000000000800339e      0x278 ./Drivers/STM32F4xx_HAL_Driver/Src/stm32f4xx_hal_spi.o
                0x000000000800339e                HAL_SPI_Transmit
 *fill*         0x0000000008003616        0x2 
 .text.SPI_WaitFlagStateUntilTimeout
                0x0000000008003618      0x110 ./Drivers/STM32F4xx_HAL_Driver/Src/stm32f4xx_hal_spi.o
 .text.SPI_EndRxTxTransaction
                0x0000000008003728       0x84 ./Drivers/STM32F4xx_HAL_Driver/Src/stm32f4xx_hal_spi.o
 .text.__libc_init_array
                0x00000000080037ac       0x48 c:/st/stm32cubeide_1.7.0/stm32cubeide/plugins/com.st.stm32cube.ide.mcu.externaltools.gnu-tools-for-stm32.9-2020-q2-update.win32_2.0.0.202105311346/tools/bin/../lib/gcc/arm-none-eabi/9.3.1/../../../../arm-none-eabi/lib/thumb/v7e-m+fp/hard\libc_nano.a(lib_a-init.o)
                0x00000000080037ac                __libc_init_array
 .text.memset   0x00000000080037f4       0x10 c:/st/stm32cubeide_1.7.0/stm32cubeide/plugins/com.st.stm32cube.ide.mcu.externaltools.gnu-tools-for-stm32.9-2020-q2-update.win32_2.0.0.202105311346/tools/bin/../lib/gcc/arm-none-eabi/9.3.1/../../../../arm-none-eabi/lib/thumb/v7e-m+fp/hard\libc_nano.a(lib_a-memset.o)
                0x00000000080037f4                memset
 *(.glue_7)
 .glue_7        0x0000000008003804        0x0 linker stubs
 *(.glue_7t)
 .glue_7t       0x0000000008003804        0x0 linker stubs
 *(.eh_frame)
 .eh_frame      0x0000000008003804        0x0 c:/st/stm32cubeide_1.7.0/stm32cubeide/plugins/com.st.stm32cube.ide.mcu.externaltools.gnu-tools-for-stm32.9-2020-q2-update.win32_2.0.0.202105311346/tools/bin/../lib/gcc/arm-none-eabi/9.3.1/thumb/v7e-m+fp/hard/crtbegin.o
 *(.init)
 .init          0x0000000008003804        0x4 c:/st/stm32cubeide_1.7.0/stm32cubeide/plugins/com.st.stm32cube.ide.mcu.externaltools.gnu-tools-for-stm32.9-2020-q2-update.win32_2.0.0.202105311346/tools/bin/../lib/gcc/arm-none-eabi/9.3.1/thumb/v7e-m+fp/hard/crti.o
                0x0000000008003804                _init
 .init          0x0000000008003808        0x8 c:/st/stm32cubeide_1.7.0/stm32cubeide/plugins/com.st.stm32cube.ide.mcu.externaltools.gnu-tools-for-stm32.9-2020-q2-update.win32_2.0.0.202105311346/tools/bin/../lib/gcc/arm-none-eabi/9.3.1/thumb/v7e-m+fp/hard/crtn.o
 *(.fini)
 .fini          0x0000000008003810        0x4 c:/st/stm32cubeide_1.7.0/stm32cubeide/plugins/com.st.stm32cube.ide.mcu.externaltools.gnu-tools-for-stm32.9-2020-q2-update.win32_2.0.0.202105311346/tools/bin/../lib/gcc/arm-none-eabi/9.3.1/thumb/v7e-m+fp/hard/crti.o
                0x0000000008003810                _fini
 .fini          0x0000000008003814        0x8 c:/st/stm32cubeide_1.7.0/stm32cubeide/plugins/com.st.stm32cube.ide.mcu.externaltools.gnu-tools-for-stm32.9-2020-q2-update.win32_2.0.0.202105311346/tools/bin/../lib/gcc/arm-none-eabi/9.3.1/thumb/v7e-m+fp/hard/crtn.o
                0x000000000800381c                . = ALIGN (0x4)
                0x000000000800381c                _etext = .

.vfp11_veneer   0x000000000800381c        0x0
 .vfp11_veneer  0x000000000800381c        0x0 linker stubs

.v4_bx          0x000000000800381c        0x0
 .v4_bx         0x000000000800381c        0x0 linker stubs

.iplt           0x000000000800381c        0x0
 .iplt          0x000000000800381c        0x0 c:/st/stm32cubeide_1.7.0/stm32cubeide/plugins/com.st.stm32cube.ide.mcu.externaltools.gnu-tools-for-stm32.9-2020-q2-update.win32_2.0.0.202105311346/tools/bin/../lib/gcc/arm-none-eabi/9.3.1/thumb/v7e-m+fp/hard/crtbegin.o

.rodata         0x000000000800381c       0x20
                0x000000000800381c                . = ALIGN (0x4)
 *(.rodata)
 *(.rodata*)
 .rodata.AHBPrescTable
                0x000000000800381c       0x10 ./Core/Src/system_stm32f4xx.o
                0x000000000800381c                AHBPrescTable
 .rodata.APBPrescTable
                0x000000000800382c        0x8 ./Core/Src/system_stm32f4xx.o
                0x000000000800382c                APBPrescTable
 .rodata.flagBitshiftOffset.8134
                0x0000000008003834        0x8 ./Drivers/STM32F4xx_HAL_Driver/Src/stm32f4xx_hal_dma.o
                0x000000000800383c                . = ALIGN (0x4)

.ARM.extab      0x000000000800383c        0x0
                0x000000000800383c                . = ALIGN (0x4)
 *(.ARM.extab* .gnu.linkonce.armextab.*)
                0x000000000800383c                . = ALIGN (0x4)

.ARM            0x000000000800383c        0x8
                0x000000000800383c                . = ALIGN (0x4)
                0x000000000800383c                __exidx_start = .
 *(.ARM.exidx*)
 .ARM.exidx     0x000000000800383c        0x8 c:/st/stm32cubeide_1.7.0/stm32cubeide/plugins/com.st.stm32cube.ide.mcu.externaltools.gnu-tools-for-stm32.9-2020-q2-update.win32_2.0.0.202105311346/tools/bin/../lib/gcc/arm-none-eabi/9.3.1/thumb/v7e-m+fp/hard\libgcc.a(_udivmoddi4.o)
                0x0000000008003844                __exidx_end = .
                0x0000000008003844                . = ALIGN (0x4)

.rel.dyn        0x0000000008003844        0x0
 .rel.iplt      0x0000000008003844        0x0 c:/st/stm32cubeide_1.7.0/stm32cubeide/plugins/com.st.stm32cube.ide.mcu.externaltools.gnu-tools-for-stm32.9-2020-q2-update.win32_2.0.0.202105311346/tools/bin/../lib/gcc/arm-none-eabi/9.3.1/thumb/v7e-m+fp/hard/crtbegin.o

.preinit_array  0x0000000008003844        0x0
                0x0000000008003844                . = ALIGN (0x4)
                0x0000000008003844                PROVIDE (__preinit_array_start = .)
 *(.preinit_array*)
                0x0000000008003844                PROVIDE (__preinit_array_end = .)
                0x0000000008003844                . = ALIGN (0x4)

.init_array     0x0000000008003844        0x4
                0x0000000008003844                . = ALIGN (0x4)
                0x0000000008003844                PROVIDE (__init_array_start = .)
 *(SORT_BY_NAME(.init_array.*))
 *(.init_array*)
 .init_array    0x0000000008003844        0x4 c:/st/stm32cubeide_1.7.0/stm32cubeide/plugins/com.st.stm32cube.ide.mcu.externaltools.gnu-tools-for-stm32.9-2020-q2-update.win32_2.0.0.202105311346/tools/bin/../lib/gcc/arm-none-eabi/9.3.1/thumb/v7e-m+fp/hard/crtbegin.o
                0x0000000008003848                PROVIDE (__init_array_end = .)
                0x0000000008003848                . = ALIGN (0x4)

.fini_array     0x0000000008003848        0x4
                0x0000000008003848                . = ALIGN (0x4)
                [!provide]                        PROVIDE (__fini_array_start = .)
 *(SORT_BY_NAME(.fini_array.*))
 *(.fini_array*)
 .fini_array    0x0000000008003848        0x4 c:/st/stm32cubeide_1.7.0/stm32cubeide/plugins/com.st.stm32cube.ide.mcu.externaltools.gnu-tools-for-stm32.9-2020-q2-update.win32_2.0.0.202105311346/tools/bin/../lib/gcc/arm-none-eabi/9.3.1/thumb/v7e-m+fp/hard/crtbegin.o
                [!provide]                        PROVIDE (__fini_array_end = .)
                0x000000000800384c                . = ALIGN (0x4)
                0x000000000800384c                _sidata = LOADADDR (.data)

.data           0x0000000020000000    0x12c0c load address 0x000000000800384c
                0x0000000020000000                . = ALIGN (0x4)
                0x0000000020000000                _sdata = .
 *(.data)
 *(.data*)
 .data.image_data_320x240x16
                0x0000000020000000    0x12c00 ./Core/Src/main.o
                0x0000000020000000                image_data_320x240x16
 .data.SystemCoreClock
                0x0000000020012c00        0x4 ./Core/Src/system_stm32f4xx.o
                0x0000000020012c00                SystemCoreClock
 .data.uwTickPrio
                0x0000000020012c04        0x4 ./Drivers/STM32F4xx_HAL_Driver/Src/stm32f4xx_hal.o
                0x0000000020012c04                uwTickPrio
 .data.uwTickFreq
                0x0000000020012c08        0x1 ./Drivers/STM32F4xx_HAL_Driver/Src/stm32f4xx_hal.o
                0x0000000020012c08                uwTickFreq
 *(.RamFunc)
 *(.RamFunc*)
                0x0000000020012c0c                . = ALIGN (0x4)
 *fill*         0x0000000020012c09        0x3 
                0x0000000020012c0c                _edata = .
                0x0000000008016458                _siccmram = LOADADDR (.ccmram)

.igot.plt       0x0000000020012c0c        0x0 load address 0x0000000008016458
 .igot.plt      0x0000000020012c0c        0x0 c:/st/stm32cubeide_1.7.0/stm32cubeide/plugins/com.st.stm32cube.ide.mcu.externaltools.gnu-tools-for-stm32.9-2020-q2-update.win32_2.0.0.202105311346/tools/bin/../lib/gcc/arm-none-eabi/9.3.1/thumb/v7e-m+fp/hard/crtbegin.o

.ccmram         0x0000000010000000        0x0 load address 0x0000000008016458
                0x0000000010000000                . = ALIGN (0x4)
                0x0000000010000000                _sccmram = .
 *(.ccmram)
 *(.ccmram*)
                0x0000000010000000                . = ALIGN (0x4)
                0x0000000010000000                _eccmram = .
                0x0000000010000000                . = ALIGN (0x4)

.bss            0x0000000020012c0c      0x1e8
                0x0000000020012c0c                _sbss = .
                0x0000000020012c0c                __bss_start__ = _sbss
 *(.bss)
 .bss           0x0000000020012c0c       0x1c c:/st/stm32cubeide_1.7.0/stm32cubeide/plugins/com.st.stm32cube.ide.mcu.externaltools.gnu-tools-for-stm32.9-2020-q2-update.win32_2.0.0.202105311346/tools/bin/../lib/gcc/arm-none-eabi/9.3.1/thumb/v7e-m+fp/hard/crtbegin.o
 *(.bss*)
 .bss.s_destAddressForContiuousMode
                0x0000000020012c28        0x4 ./Core/Src/ov7670.o
 .bss.s_cbVsync
                0x0000000020012c2c        0x4 ./Core/Src/ov7670.o
 .bss.s_currentH
                0x0000000020012c30        0x4 ./Core/Src/ov7670.o
 .bss.s_currentV
                0x0000000020012c34        0x4 ./Core/Src/ov7670.o
 *(COMMON)
 COMMON         0x0000000020012c38      0x1b4 ./Core/Src/main.o
                0x0000000020012c38                hspi2
                0x0000000020012c90                hi2c1
                0x0000000020012ce4                hdma_dcmi
                0x0000000020012d44                hdcmi
                0x0000000020012d84                hrng
                0x0000000020012d94                hspi1
 COMMON         0x0000000020012dec        0x4 ./Core/Src/spi_ili9341.o
                0x0000000020012dec                TFT9341_HEIGHT
                0x0000000020012dee                TFT9341_WIDTH
 COMMON         0x0000000020012df0        0x4 ./Drivers/STM32F4xx_HAL_Driver/Src/stm32f4xx_hal.o
                0x0000000020012df0                uwTick
                0x0000000020012df4                . = ALIGN (0x4)
                0x0000000020012df4                _ebss = .
                0x0000000020012df4                __bss_end__ = _ebss

._user_heap_stack
                0x0000000020012df4      0xc04
                0x0000000020012df8                . = ALIGN (0x8)
 *fill*         0x0000000020012df4        0x4 
                [!provide]                        PROVIDE (end = .)
                0x0000000020012df8                PROVIDE (_end = .)
                0x00000000200131f8                . = (. + _Min_Heap_Size)
 *fill*         0x0000000020012df8      0x400 
                0x00000000200139f8                . = (. + _Min_Stack_Size)
 *fill*         0x00000000200131f8      0x800 
                0x00000000200139f8                . = ALIGN (0x8)

/DISCARD/
 libc.a(*)
 libm.a(*)
 libgcc.a(*)

.ARM.attributes
                0x0000000000000000       0x30
 *(.ARM.attributes)
 .ARM.attributes
                0x0000000000000000       0x1e c:/st/stm32cubeide_1.7.0/stm32cubeide/plugins/com.st.stm32cube.ide.mcu.externaltools.gnu-tools-for-stm32.9-2020-q2-update.win32_2.0.0.202105311346/tools/bin/../lib/gcc/arm-none-eabi/9.3.1/thumb/v7e-m+fp/hard/crti.o
 .ARM.attributes
                0x000000000000001e       0x34 c:/st/stm32cubeide_1.7.0/stm32cubeide/plugins/com.st.stm32cube.ide.mcu.externaltools.gnu-tools-for-stm32.9-2020-q2-update.win32_2.0.0.202105311346/tools/bin/../lib/gcc/arm-none-eabi/9.3.1/thumb/v7e-m+fp/hard/crtbegin.o
 .ARM.attributes
                0x0000000000000052       0x34 ./Core/Src/main.o
 .ARM.attributes
                0x0000000000000086       0x34 ./Core/Src/ov7670.o
 .ARM.attributes
                0x00000000000000ba       0x34 ./Core/Src/spi_ili9341.o
 .ARM.attributes
                0x00000000000000ee       0x34 ./Core/Src/stm32f4xx_hal_msp.o
 .ARM.attributes
                0x0000000000000122       0x34 ./Core/Src/stm32f4xx_it.o
 .ARM.attributes
                0x0000000000000156       0x34 ./Core/Src/system_stm32f4xx.o
 .ARM.attributes
                0x000000000000018a       0x21 ./Core/Startup/startup_stm32f407vgtx.o
 .ARM.attributes
                0x00000000000001ab       0x34 ./Drivers/STM32F4xx_HAL_Driver/Src/stm32f4xx_hal.o
 .ARM.attributes
                0x00000000000001df       0x34 ./Drivers/STM32F4xx_HAL_Driver/Src/stm32f4xx_hal_cortex.o
 .ARM.attributes
                0x0000000000000213       0x34 ./Drivers/STM32F4xx_HAL_Driver/Src/stm32f4xx_hal_dcmi.o
 .ARM.attributes
                0x0000000000000247       0x34 ./Drivers/STM32F4xx_HAL_Driver/Src/stm32f4xx_hal_dcmi_ex.o
 .ARM.attributes
                0x000000000000027b       0x34 ./Drivers/STM32F4xx_HAL_Driver/Src/stm32f4xx_hal_dma.o
 .ARM.attributes
                0x00000000000002af       0x34 ./Drivers/STM32F4xx_HAL_Driver/Src/stm32f4xx_hal_gpio.o
 .ARM.attributes
                0x00000000000002e3       0x34 ./Drivers/STM32F4xx_HAL_Driver/Src/stm32f4xx_hal_i2c.o
 .ARM.attributes
                0x0000000000000317       0x34 ./Drivers/STM32F4xx_HAL_Driver/Src/stm32f4xx_hal_rcc.o
 .ARM.attributes
                0x000000000000034b       0x34 ./Drivers/STM32F4xx_HAL_Driver/Src/stm32f4xx_hal_rng.o
 .ARM.attributes
                0x000000000000037f       0x34 ./Drivers/STM32F4xx_HAL_Driver/Src/stm32f4xx_hal_spi.o
 .ARM.attributes
                0x00000000000003b3       0x34 c:/st/stm32cubeide_1.7.0/stm32cubeide/plugins/com.st.stm32cube.ide.mcu.externaltools.gnu-tools-for-stm32.9-2020-q2-update.win32_2.0.0.202105311346/tools/bin/../lib/gcc/arm-none-eabi/9.3.1/../../../../arm-none-eabi/lib/thumb/v7e-m+fp/hard\libc_nano.a(lib_a-init.o)
 .ARM.attributes
                0x00000000000003e7       0x34 c:/st/stm32cubeide_1.7.0/stm32cubeide/plugins/com.st.stm32cube.ide.mcu.externaltools.gnu-tools-for-stm32.9-2020-q2-update.win32_2.0.0.202105311346/tools/bin/../lib/gcc/arm-none-eabi/9.3.1/../../../../arm-none-eabi/lib/thumb/v7e-m+fp/hard\libc_nano.a(lib_a-memset.o)
 .ARM.attributes
                0x000000000000041b       0x1e c:/st/stm32cubeide_1.7.0/stm32cubeide/plugins/com.st.stm32cube.ide.mcu.externaltools.gnu-tools-for-stm32.9-2020-q2-update.win32_2.0.0.202105311346/tools/bin/../lib/gcc/arm-none-eabi/9.3.1/thumb/v7e-m+fp/hard\libgcc.a(_aeabi_uldivmod.o)
 .ARM.attributes
                0x0000000000000439       0x34 c:/st/stm32cubeide_1.7.0/stm32cubeide/plugins/com.st.stm32cube.ide.mcu.externaltools.gnu-tools-for-stm32.9-2020-q2-update.win32_2.0.0.202105311346/tools/bin/../lib/gcc/arm-none-eabi/9.3.1/thumb/v7e-m+fp/hard\libgcc.a(_udivmoddi4.o)
 .ARM.attributes
                0x000000000000046d       0x1e c:/st/stm32cubeide_1.7.0/stm32cubeide/plugins/com.st.stm32cube.ide.mcu.externaltools.gnu-tools-for-stm32.9-2020-q2-update.win32_2.0.0.202105311346/tools/bin/../lib/gcc/arm-none-eabi/9.3.1/thumb/v7e-m+fp/hard\libgcc.a(_dvmd_tls.o)
 .ARM.attributes
                0x000000000000048b       0x1e c:/st/stm32cubeide_1.7.0/stm32cubeide/plugins/com.st.stm32cube.ide.mcu.externaltools.gnu-tools-for-stm32.9-2020-q2-update.win32_2.0.0.202105311346/tools/bin/../lib/gcc/arm-none-eabi/9.3.1/thumb/v7e-m+fp/hard/crtn.o
OUTPUT(display.elf elf32-littlearm)
LOAD linker stubs
LOAD c:/st/stm32cubeide_1.7.0/stm32cubeide/plugins/com.st.stm32cube.ide.mcu.externaltools.gnu-tools-for-stm32.9-2020-q2-update.win32_2.0.0.202105311346/tools/bin/../lib/gcc/arm-none-eabi/9.3.1/../../../../arm-none-eabi/lib/thumb/v7e-m+fp/hard\libc.a
LOAD c:/st/stm32cubeide_1.7.0/stm32cubeide/plugins/com.st.stm32cube.ide.mcu.externaltools.gnu-tools-for-stm32.9-2020-q2-update.win32_2.0.0.202105311346/tools/bin/../lib/gcc/arm-none-eabi/9.3.1/../../../../arm-none-eabi/lib/thumb/v7e-m+fp/hard\libm.a
LOAD c:/st/stm32cubeide_1.7.0/stm32cubeide/plugins/com.st.stm32cube.ide.mcu.externaltools.gnu-tools-for-stm32.9-2020-q2-update.win32_2.0.0.202105311346/tools/bin/../lib/gcc/arm-none-eabi/9.3.1/thumb/v7e-m+fp/hard\libgcc.a

.debug_info     0x0000000000000000     0xe4fc
 .debug_info    0x0000000000000000     0x15f0 ./Core/Src/main.o
 .debug_info    0x00000000000015f0     0x15a6 ./Core/Src/ov7670.o
 .debug_info    0x0000000000002b96      0xd3a ./Core/Src/spi_ili9341.o
 .debug_info    0x00000000000038d0     0x14dd ./Core/Src/stm32f4xx_hal_msp.o
 .debug_info    0x0000000000004dad      0x75c ./Core/Src/stm32f4xx_it.o
 .debug_info    0x0000000000005509      0x5a4 ./Core/Src/system_stm32f4xx.o
 .debug_info    0x0000000000005aad       0x22 ./Core/Startup/startup_stm32f407vgtx.o
 .debug_info    0x0000000000005acf      0x9b2 ./Drivers/STM32F4xx_HAL_Driver/Src/stm32f4xx_hal.o
 .debug_info    0x0000000000006481      0xed7 ./Drivers/STM32F4xx_HAL_Driver/Src/stm32f4xx_hal_cortex.o
 .debug_info    0x0000000000007358      0xb7e ./Drivers/STM32F4xx_HAL_Driver/Src/stm32f4xx_hal_dcmi.o
 .debug_info    0x0000000000007ed6      0x6bd ./Drivers/STM32F4xx_HAL_Driver/Src/stm32f4xx_hal_dcmi_ex.o
 .debug_info    0x0000000000008593      0x9f1 ./Drivers/STM32F4xx_HAL_Driver/Src/stm32f4xx_hal_dma.o
 .debug_info    0x0000000000008f84      0x83e ./Drivers/STM32F4xx_HAL_Driver/Src/stm32f4xx_hal_gpio.o
 .debug_info    0x00000000000097c2     0x264d ./Drivers/STM32F4xx_HAL_Driver/Src/stm32f4xx_hal_i2c.o
 .debug_info    0x000000000000be0f      0x996 ./Drivers/STM32F4xx_HAL_Driver/Src/stm32f4xx_hal_rcc.o
 .debug_info    0x000000000000c7a5      0x597 ./Drivers/STM32F4xx_HAL_Driver/Src/stm32f4xx_hal_rng.o
 .debug_info    0x000000000000cd3c     0x17c0 ./Drivers/STM32F4xx_HAL_Driver/Src/stm32f4xx_hal_spi.o

.debug_abbrev   0x0000000000000000     0x228e
 .debug_abbrev  0x0000000000000000      0x26c ./Core/Src/main.o
 .debug_abbrev  0x000000000000026c      0x29d ./Core/Src/ov7670.o
 .debug_abbrev  0x0000000000000509      0x24b ./Core/Src/spi_ili9341.o
 .debug_abbrev  0x0000000000000754      0x20f ./Core/Src/stm32f4xx_hal_msp.o
 .debug_abbrev  0x0000000000000963      0x190 ./Core/Src/stm32f4xx_it.o
 .debug_abbrev  0x0000000000000af3      0x145 ./Core/Src/system_stm32f4xx.o
 .debug_abbrev  0x0000000000000c38       0x12 ./Core/Startup/startup_stm32f407vgtx.o
 .debug_abbrev  0x0000000000000c4a      0x1ed ./Drivers/STM32F4xx_HAL_Driver/Src/stm32f4xx_hal.o
 .debug_abbrev  0x0000000000000e37      0x33c ./Drivers/STM32F4xx_HAL_Driver/Src/stm32f4xx_hal_cortex.o
 .debug_abbrev  0x0000000000001173      0x22e ./Drivers/STM32F4xx_HAL_Driver/Src/stm32f4xx_hal_dcmi.o
 .debug_abbrev  0x00000000000013a1      0x15e ./Drivers/STM32F4xx_HAL_Driver/Src/stm32f4xx_hal_dcmi_ex.o
 .debug_abbrev  0x00000000000014ff      0x259 ./Drivers/STM32F4xx_HAL_Driver/Src/stm32f4xx_hal_dma.o
 .debug_abbrev  0x0000000000001758      0x1f1 ./Drivers/STM32F4xx_HAL_Driver/Src/stm32f4xx_hal_gpio.o
 .debug_abbrev  0x0000000000001949      0x282 ./Drivers/STM32F4xx_HAL_Driver/Src/stm32f4xx_hal_i2c.o
 .debug_abbrev  0x0000000000001bcb      0x275 ./Drivers/STM32F4xx_HAL_Driver/Src/stm32f4xx_hal_rcc.o
 .debug_abbrev  0x0000000000001e40      0x1e0 ./Drivers/STM32F4xx_HAL_Driver/Src/stm32f4xx_hal_rng.o
 .debug_abbrev  0x0000000000002020      0x26e ./Drivers/STM32F4xx_HAL_Driver/Src/stm32f4xx_hal_spi.o

.debug_aranges  0x0000000000000000      0xbb8
 .debug_aranges
                0x0000000000000000       0x68 ./Core/Src/main.o
 .debug_aranges
                0x0000000000000068       0x60 ./Core/Src/ov7670.o
 .debug_aranges
                0x00000000000000c8       0x80 ./Core/Src/spi_ili9341.o
 .debug_aranges
                0x0000000000000148       0x60 ./Core/Src/stm32f4xx_hal_msp.o
 .debug_aranges
                0x00000000000001a8       0x70 ./Core/Src/stm32f4xx_it.o
 .debug_aranges
                0x0000000000000218       0x28 ./Core/Src/system_stm32f4xx.o
 .debug_aranges
                0x0000000000000240       0x28 ./Core/Startup/startup_stm32f407vgtx.o
 .debug_aranges
                0x0000000000000268       0xf0 ./Drivers/STM32F4xx_HAL_Driver/Src/stm32f4xx_hal.o
 .debug_aranges
                0x0000000000000358      0x118 ./Drivers/STM32F4xx_HAL_Driver/Src/stm32f4xx_hal_cortex.o
 .debug_aranges
                0x0000000000000470       0xc0 ./Drivers/STM32F4xx_HAL_Driver/Src/stm32f4xx_hal_dcmi.o
 .debug_aranges
                0x0000000000000530       0x20 ./Drivers/STM32F4xx_HAL_Driver/Src/stm32f4xx_hal_dcmi_ex.o
 .debug_aranges
                0x0000000000000550       0x90 ./Drivers/STM32F4xx_HAL_Driver/Src/stm32f4xx_hal_dma.o
 .debug_aranges
                0x00000000000005e0       0x58 ./Drivers/STM32F4xx_HAL_Driver/Src/stm32f4xx_hal_gpio.o
 .debug_aranges
                0x0000000000000638      0x2a0 ./Drivers/STM32F4xx_HAL_Driver/Src/stm32f4xx_hal_i2c.o
 .debug_aranges
                0x00000000000008d8       0x88 ./Drivers/STM32F4xx_HAL_Driver/Src/stm32f4xx_hal_rcc.o
 .debug_aranges
                0x0000000000000960       0x88 ./Drivers/STM32F4xx_HAL_Driver/Src/stm32f4xx_hal_rng.o
 .debug_aranges
                0x00000000000009e8      0x1d0 ./Drivers/STM32F4xx_HAL_Driver/Src/stm32f4xx_hal_spi.o

.debug_ranges   0x0000000000000000      0xad8
 .debug_ranges  0x0000000000000000       0x58 ./Core/Src/main.o
 .debug_ranges  0x0000000000000058       0x50 ./Core/Src/ov7670.o
 .debug_ranges  0x00000000000000a8       0x70 ./Core/Src/spi_ili9341.o
 .debug_ranges  0x0000000000000118       0x50 ./Core/Src/stm32f4xx_hal_msp.o
 .debug_ranges  0x0000000000000168       0x60 ./Core/Src/stm32f4xx_it.o
 .debug_ranges  0x00000000000001c8       0x18 ./Core/Src/system_stm32f4xx.o
 .debug_ranges  0x00000000000001e0       0x20 ./Core/Startup/startup_stm32f407vgtx.o
 .debug_ranges  0x0000000000000200       0xe0 ./Drivers/STM32F4xx_HAL_Driver/Src/stm32f4xx_hal.o
 .debug_ranges  0x00000000000002e0      0x108 ./Drivers/STM32F4xx_HAL_Driver/Src/stm32f4xx_hal_cortex.o
 .debug_ranges  0x00000000000003e8       0xb0 ./Drivers/STM32F4xx_HAL_Driver/Src/stm32f4xx_hal_dcmi.o
 .debug_ranges  0x0000000000000498       0x10 ./Drivers/STM32F4xx_HAL_Driver/Src/stm32f4xx_hal_dcmi_ex.o
 .debug_ranges  0x00000000000004a8       0x80 ./Drivers/STM32F4xx_HAL_Driver/Src/stm32f4xx_hal_dma.o
 .debug_ranges  0x0000000000000528       0x48 ./Drivers/STM32F4xx_HAL_Driver/Src/stm32f4xx_hal_gpio.o
 .debug_ranges  0x0000000000000570      0x2b8 ./Drivers/STM32F4xx_HAL_Driver/Src/stm32f4xx_hal_i2c.o
 .debug_ranges  0x0000000000000828       0x78 ./Drivers/STM32F4xx_HAL_Driver/Src/stm32f4xx_hal_rcc.o
 .debug_ranges  0x00000000000008a0       0x78 ./Drivers/STM32F4xx_HAL_Driver/Src/stm32f4xx_hal_rng.o
 .debug_ranges  0x0000000000000918      0x1c0 ./Drivers/STM32F4xx_HAL_Driver/Src/stm32f4xx_hal_spi.o

.debug_macro    0x0000000000000000    0x219d3
 .debug_macro   0x0000000000000000      0x22a ./Core/Src/main.o
 .debug_macro   0x000000000000022a      0xaa8 ./Core/Src/main.o
 .debug_macro   0x0000000000000cd2      0x2a7 ./Core/Src/main.o
 .debug_macro   0x0000000000000f79       0x2e ./Core/Src/main.o
 .debug_macro   0x0000000000000fa7       0x2f ./Core/Src/main.o
 .debug_macro   0x0000000000000fd6       0x22 ./Core/Src/main.o
 .debug_macro   0x0000000000000ff8       0x8e ./Core/Src/main.o
 .debug_macro   0x0000000000001086       0x51 ./Core/Src/main.o
 .debug_macro   0x00000000000010d7      0x103 ./Core/Src/main.o
 .debug_macro   0x00000000000011da       0x6a ./Core/Src/main.o
 .debug_macro   0x0000000000001244      0x1df ./Core/Src/main.o
 .debug_macro   0x0000000000001423       0x1c ./Core/Src/main.o
 .debug_macro   0x000000000000143f       0x22 ./Core/Src/main.o
 .debug_macro   0x0000000000001461       0xdf ./Core/Src/main.o
 .debug_macro   0x0000000000001540     0x102d ./Core/Src/main.o
 .debug_macro   0x000000000000256d      0x11f ./Core/Src/main.o
 .debug_macro   0x000000000000268c    0x15e58 ./Core/Src/main.o
 .debug_macro   0x00000000000184e4       0x6d ./Core/Src/main.o
 .debug_macro   0x0000000000018551     0x3666 ./Core/Src/main.o
 .debug_macro   0x000000000001bbb7      0x174 ./Core/Src/main.o
 .debug_macro   0x000000000001bd2b       0x5c ./Core/Src/main.o
 .debug_macro   0x000000000001bd87      0x96b ./Core/Src/main.o
 .debug_macro   0x000000000001c6f2      0x9fe ./Core/Src/main.o
 .debug_macro   0x000000000001d0f0      0x116 ./Core/Src/main.o
 .debug_macro   0x000000000001d206      0x13e ./Core/Src/main.o
 .debug_macro   0x000000000001d344       0xa5 ./Core/Src/main.o
 .debug_macro   0x000000000001d3e9      0x174 ./Core/Src/main.o
 .debug_macro   0x000000000001d55d      0x287 ./Core/Src/main.o
 .debug_macro   0x000000000001d7e4       0x5f ./Core/Src/main.o
 .debug_macro   0x000000000001d843      0x236 ./Core/Src/main.o
 .debug_macro   0x000000000001da79       0x1f ./Core/Src/main.o
 .debug_macro   0x000000000001da98      0x1d2 ./Core/Src/main.o
 .debug_macro   0x000000000001dc6a      0x12c ./Core/Src/main.o
 .debug_macro   0x000000000001dd96      0x21e ./Core/Src/main.o
 .debug_macro   0x000000000001dfb4       0x2e ./Core/Src/main.o
 .debug_macro   0x000000000001dfe2      0x1b5 ./Core/Src/main.o
 .debug_macro   0x000000000001e197       0xd6 ./Core/Src/main.o
 .debug_macro   0x000000000001e26d      0x11a ./Core/Src/main.o
 .debug_macro   0x000000000001e387       0x7e ./Core/Src/main.o
 .debug_macro   0x000000000001e405       0x89 ./Core/Src/main.o
 .debug_macro   0x000000000001e48e       0xa4 ./Core/Src/main.o
 .debug_macro   0x000000000001e532      0x225 ./Core/Src/main.o
 .debug_macro   0x000000000001e757      0x12d ./Core/Src/main.o
 .debug_macro   0x000000000001e884      0x154 ./Core/Src/main.o
 .debug_macro   0x000000000001e9d8       0x94 ./Core/Src/main.o
 .debug_macro   0x000000000001ea6c       0x10 ./Core/Src/main.o
 .debug_macro   0x000000000001ea7c       0x46 ./Core/Src/main.o
 .debug_macro   0x000000000001eac2       0x22 ./Core/Src/main.o
 .debug_macro   0x000000000001eae4      0x38f ./Core/Src/ov7670.o
 .debug_macro   0x000000000001ee73       0x4c ./Core/Src/ov7670.o
 .debug_macro   0x000000000001eebf       0x18 ./Core/Src/ov7670.o
 .debug_macro   0x000000000001eed7       0x94 ./Core/Src/ov7670.o
 .debug_macro   0x000000000001ef6b       0x3c ./Core/Src/ov7670.o
 .debug_macro   0x000000000001efa7       0x34 ./Core/Src/ov7670.o
 .debug_macro   0x000000000001efdb       0x16 ./Core/Src/ov7670.o
 .debug_macro   0x000000000001eff1       0x57 ./Core/Src/ov7670.o
 .debug_macro   0x000000000001f048       0x97 ./Core/Src/ov7670.o
 .debug_macro   0x000000000001f0df      0x339 ./Core/Src/ov7670.o
 .debug_macro   0x000000000001f418       0xfd ./Core/Src/ov7670.o
 .debug_macro   0x000000000001f515       0x10 ./Core/Src/ov7670.o
 .debug_macro   0x000000000001f525       0x16 ./Core/Src/ov7670.o
 .debug_macro   0x000000000001f53b       0x43 ./Core/Src/ov7670.o
 .debug_macro   0x000000000001f57e       0x34 ./Core/Src/ov7670.o
 .debug_macro   0x000000000001f5b2       0x10 ./Core/Src/ov7670.o
 .debug_macro   0x000000000001f5c2       0x58 ./Core/Src/ov7670.o
 .debug_macro   0x000000000001f61a       0x71 ./Core/Src/ov7670.o
 .debug_macro   0x000000000001f68b       0x1c ./Core/Src/ov7670.o
 .debug_macro   0x000000000001f6a7      0x12a ./Core/Src/ov7670.o
 .debug_macro   0x000000000001f7d1       0x10 ./Core/Src/ov7670.o
 .debug_macro   0x000000000001f7e1       0x1c ./Core/Src/ov7670.o
 .debug_macro   0x000000000001f7fd       0x52 ./Core/Src/ov7670.o
 .debug_macro   0x000000000001f84f       0x22 ./Core/Src/ov7670.o
 .debug_macro   0x000000000001f871       0x10 ./Core/Src/ov7670.o
 .debug_macro   0x000000000001f881       0x40 ./Core/Src/ov7670.o
 .debug_macro   0x000000000001f8c1       0xd5 ./Core/Src/ov7670.o
 .debug_macro   0x000000000001f996       0x1c ./Core/Src/ov7670.o
 .debug_macro   0x000000000001f9b2       0x3d ./Core/Src/ov7670.o
 .debug_macro   0x000000000001f9ef       0x16 ./Core/Src/ov7670.o
 .debug_macro   0x000000000001fa05      0x145 ./Core/Src/ov7670.o
 .debug_macro   0x000000000001fb4a       0xd9 ./Core/Src/ov7670.o
 .debug_macro   0x000000000001fc23       0x56 ./Core/Src/ov7670.o
 .debug_macro   0x000000000001fc79       0x10 ./Core/Src/ov7670.o
 .debug_macro   0x000000000001fc89       0x10 ./Core/Src/ov7670.o
 .debug_macro   0x000000000001fc99      0x206 ./Core/Src/spi_ili9341.o
 .debug_macro   0x000000000001fe9f       0x8e ./Core/Src/spi_ili9341.o
 .debug_macro   0x000000000001ff2d      0x206 ./Core/Src/stm32f4xx_hal_msp.o
 .debug_macro   0x0000000000020133      0x210 ./Core/Src/stm32f4xx_it.o
 .debug_macro   0x0000000000020343      0x1f7 ./Core/Src/system_stm32f4xx.o
 .debug_macro   0x000000000002053a      0x257 ./Drivers/STM32F4xx_HAL_Driver/Src/stm32f4xx_hal.o
 .debug_macro   0x0000000000020791      0x1f7 ./Drivers/STM32F4xx_HAL_Driver/Src/stm32f4xx_hal_cortex.o
 .debug_macro   0x0000000000020988      0x1fe ./Drivers/STM32F4xx_HAL_Driver/Src/stm32f4xx_hal_dcmi.o
 .debug_macro   0x0000000000020b86      0x1f7 ./Drivers/STM32F4xx_HAL_Driver/Src/stm32f4xx_hal_dcmi_ex.o
 .debug_macro   0x0000000000020d7d      0x1fd ./Drivers/STM32F4xx_HAL_Driver/Src/stm32f4xx_hal_dma.o
 .debug_macro   0x0000000000020f7a      0x1fd ./Drivers/STM32F4xx_HAL_Driver/Src/stm32f4xx_hal_gpio.o
 .debug_macro   0x0000000000021177      0x23e ./Drivers/STM32F4xx_HAL_Driver/Src/stm32f4xx_hal_i2c.o
 .debug_macro   0x00000000000213b5      0x21b ./Drivers/STM32F4xx_HAL_Driver/Src/stm32f4xx_hal_rcc.o
 .debug_macro   0x00000000000215d0      0x1fd ./Drivers/STM32F4xx_HAL_Driver/Src/stm32f4xx_hal_rng.o
 .debug_macro   0x00000000000217cd      0x206 ./Drivers/STM32F4xx_HAL_Driver/Src/stm32f4xx_hal_spi.o

.debug_line     0x0000000000000000     0xebe4
 .debug_line    0x0000000000000000      0x9e0 ./Core/Src/main.o
 .debug_line    0x00000000000009e0      0xa5e ./Core/Src/ov7670.o
 .debug_line    0x000000000000143e      0xa82 ./Core/Src/spi_ili9341.o
 .debug_line    0x0000000000001ec0      0x8d9 ./Core/Src/stm32f4xx_hal_msp.o
 .debug_line    0x0000000000002799      0x808 ./Core/Src/stm32f4xx_it.o
 .debug_line    0x0000000000002fa1      0x791 ./Core/Src/system_stm32f4xx.o
 .debug_line    0x0000000000003732       0x88 ./Core/Startup/startup_stm32f407vgtx.o
 .debug_line    0x00000000000037ba      0x9f7 ./Drivers/STM32F4xx_HAL_Driver/Src/stm32f4xx_hal.o
 .debug_line    0x00000000000041b1      0xca6 ./Drivers/STM32F4xx_HAL_Driver/Src/stm32f4xx_hal_cortex.o
 .debug_line    0x0000000000004e57      0xdf7 ./Drivers/STM32F4xx_HAL_Driver/Src/stm32f4xx_hal_dcmi.o
 .debug_line    0x0000000000005c4e      0x7b2 ./Drivers/STM32F4xx_HAL_Driver/Src/stm32f4xx_hal_dcmi_ex.o
 .debug_line    0x0000000000006400      0xf5c ./Drivers/STM32F4xx_HAL_Driver/Src/stm32f4xx_hal_dma.o
 .debug_line    0x000000000000735c      0xb6d ./Drivers/STM32F4xx_HAL_Driver/Src/stm32f4xx_hal_gpio.o
 .debug_line    0x0000000000007ec9     0x39a3 ./Drivers/STM32F4xx_HAL_Driver/Src/stm32f4xx_hal_i2c.o
 .debug_line    0x000000000000b86c      0xd73 ./Drivers/STM32F4xx_HAL_Driver/Src/stm32f4xx_hal_rcc.o
 .debug_line    0x000000000000c5df      0x986 ./Drivers/STM32F4xx_HAL_Driver/Src/stm32f4xx_hal_rng.o
 .debug_line    0x000000000000cf65     0x1c7f ./Drivers/STM32F4xx_HAL_Driver/Src/stm32f4xx_hal_spi.o

.debug_str      0x0000000000000000    0xc6ec4
 .debug_str     0x0000000000000000    0xc0584 ./Core/Src/main.o
                                      0xc08ea (size before relaxing)
 .debug_str     0x00000000000c0584     0x4222 ./Core/Src/ov7670.o
                                      0xc3dc2 (size before relaxing)
 .debug_str     0x00000000000c47a6      0x136 ./Core/Src/spi_ili9341.o
                                      0xbf6e7 (size before relaxing)
 .debug_str     0x00000000000c48dc       0xbb ./Core/Src/stm32f4xx_hal_msp.o
                                      0xc02d8 (size before relaxing)
 .debug_str     0x00000000000c4997       0xd5 ./Core/Src/stm32f4xx_it.o
                                      0xbf78f (size before relaxing)
 .debug_str     0x00000000000c4a6c       0xaf ./Core/Src/system_stm32f4xx.o
                                      0xbeec6 (size before relaxing)
 .debug_str     0x00000000000c4b1b       0x36 ./Core/Startup/startup_stm32f407vgtx.o
                                         0x70 (size before relaxing)
 .debug_str     0x00000000000c4b51      0x571 ./Drivers/STM32F4xx_HAL_Driver/Src/stm32f4xx_hal.o
                                      0xbf9a8 (size before relaxing)
 .debug_str     0x00000000000c50c2      0x392 ./Drivers/STM32F4xx_HAL_Driver/Src/stm32f4xx_hal_cortex.o
                                      0xbf797 (size before relaxing)
 .debug_str     0x00000000000c5454      0x1f7 ./Drivers/STM32F4xx_HAL_Driver/Src/stm32f4xx_hal_dcmi.o
                                      0xbf43c (size before relaxing)
 .debug_str     0x00000000000c564b       0x3c ./Drivers/STM32F4xx_HAL_Driver/Src/stm32f4xx_hal_dcmi_ex.o
                                      0xbf1d7 (size before relaxing)
 .debug_str     0x00000000000c5687      0x315 ./Drivers/STM32F4xx_HAL_Driver/Src/stm32f4xx_hal_dma.o
                                      0xbf2f0 (size before relaxing)
 .debug_str     0x00000000000c599c      0x15f ./Drivers/STM32F4xx_HAL_Driver/Src/stm32f4xx_hal_gpio.o
                                      0xbf06d (size before relaxing)
 .debug_str     0x00000000000c5afb      0xaa7 ./Drivers/STM32F4xx_HAL_Driver/Src/stm32f4xx_hal_i2c.o
                                      0xbfe48 (size before relaxing)
 .debug_str     0x00000000000c65a2      0x24e ./Drivers/STM32F4xx_HAL_Driver/Src/stm32f4xx_hal_rcc.o
                                      0xbf2c8 (size before relaxing)
 .debug_str     0x00000000000c67f0      0x175 ./Drivers/STM32F4xx_HAL_Driver/Src/stm32f4xx_hal_rng.o
                                      0xbeff1 (size before relaxing)
 .debug_str     0x00000000000c6965      0x55f ./Drivers/STM32F4xx_HAL_Driver/Src/stm32f4xx_hal_spi.o
                                      0xbf76a (size before relaxing)

.comment        0x0000000000000000       0x53
 .comment       0x0000000000000000       0x53 ./Core/Src/main.o
                                         0x54 (size before relaxing)
 .comment       0x0000000000000053       0x54 ./Core/Src/ov7670.o
 .comment       0x0000000000000053       0x54 ./Core/Src/spi_ili9341.o
 .comment       0x0000000000000053       0x54 ./Core/Src/stm32f4xx_hal_msp.o
 .comment       0x0000000000000053       0x54 ./Core/Src/stm32f4xx_it.o
 .comment       0x0000000000000053       0x54 ./Core/Src/system_stm32f4xx.o
 .comment       0x0000000000000053       0x54 ./Drivers/STM32F4xx_HAL_Driver/Src/stm32f4xx_hal.o
 .comment       0x0000000000000053       0x54 ./Drivers/STM32F4xx_HAL_Driver/Src/stm32f4xx_hal_cortex.o
 .comment       0x0000000000000053       0x54 ./Drivers/STM32F4xx_HAL_Driver/Src/stm32f4xx_hal_dcmi.o
 .comment       0x0000000000000053       0x54 ./Drivers/STM32F4xx_HAL_Driver/Src/stm32f4xx_hal_dcmi_ex.o
 .comment       0x0000000000000053       0x54 ./Drivers/STM32F4xx_HAL_Driver/Src/stm32f4xx_hal_dma.o
 .comment       0x0000000000000053       0x54 ./Drivers/STM32F4xx_HAL_Driver/Src/stm32f4xx_hal_gpio.o
 .comment       0x0000000000000053       0x54 ./Drivers/STM32F4xx_HAL_Driver/Src/stm32f4xx_hal_i2c.o
 .comment       0x0000000000000053       0x54 ./Drivers/STM32F4xx_HAL_Driver/Src/stm32f4xx_hal_rcc.o
 .comment       0x0000000000000053       0x54 ./Drivers/STM32F4xx_HAL_Driver/Src/stm32f4xx_hal_rng.o
 .comment       0x0000000000000053       0x54 ./Drivers/STM32F4xx_HAL_Driver/Src/stm32f4xx_hal_spi.o

.debug_frame    0x0000000000000000     0x2fe0
 .debug_frame   0x0000000000000000      0x140 ./Core/Src/main.o
 .debug_frame   0x0000000000000140      0x154 ./Core/Src/ov7670.o
 .debug_frame   0x0000000000000294      0x1e8 ./Core/Src/spi_ili9341.o
 .debug_frame   0x000000000000047c      0x15c ./Core/Src/stm32f4xx_hal_msp.o
 .debug_frame   0x00000000000005d8      0x14c ./Core/Src/stm32f4xx_it.o
 .debug_frame   0x0000000000000724       0x58 ./Core/Src/system_stm32f4xx.o
 .debug_frame   0x000000000000077c      0x374 ./Drivers/STM32F4xx_HAL_Driver/Src/stm32f4xx_hal.o
 .debug_frame   0x0000000000000af0      0x498 ./Drivers/STM32F4xx_HAL_Driver/Src/stm32f4xx_hal_cortex.o
 .debug_frame   0x0000000000000f88      0x340 ./Drivers/STM32F4xx_HAL_Driver/Src/stm32f4xx_hal_dcmi.o
 .debug_frame   0x00000000000012c8       0x34 ./Drivers/STM32F4xx_HAL_Driver/Src/stm32f4xx_hal_dcmi_ex.o
 .debug_frame   0x00000000000012fc      0x250 ./Drivers/STM32F4xx_HAL_Driver/Src/stm32f4xx_hal_dma.o
 .debug_frame   0x000000000000154c      0x14c ./Drivers/STM32F4xx_HAL_Driver/Src/stm32f4xx_hal_gpio.o
 .debug_frame   0x0000000000001698      0xc5c ./Drivers/STM32F4xx_HAL_Driver/Src/stm32f4xx_hal_i2c.o
 .debug_frame   0x00000000000022f4      0x1f0 ./Drivers/STM32F4xx_HAL_Driver/Src/stm32f4xx_hal_rcc.o
 .debug_frame   0x00000000000024e4      0x22c ./Drivers/STM32F4xx_HAL_Driver/Src/stm32f4xx_hal_rng.o
 .debug_frame   0x0000000000002710      0x824 ./Drivers/STM32F4xx_HAL_Driver/Src/stm32f4xx_hal_spi.o
 .debug_frame   0x0000000000002f34       0x2c c:/st/stm32cubeide_1.7.0/stm32cubeide/plugins/com.st.stm32cube.ide.mcu.externaltools.gnu-tools-for-stm32.9-2020-q2-update.win32_2.0.0.202105311346/tools/bin/../lib/gcc/arm-none-eabi/9.3.1/../../../../arm-none-eabi/lib/thumb/v7e-m+fp/hard\libc_nano.a(lib_a-init.o)
 .debug_frame   0x0000000000002f60       0x20 c:/st/stm32cubeide_1.7.0/stm32cubeide/plugins/com.st.stm32cube.ide.mcu.externaltools.gnu-tools-for-stm32.9-2020-q2-update.win32_2.0.0.202105311346/tools/bin/../lib/gcc/arm-none-eabi/9.3.1/../../../../arm-none-eabi/lib/thumb/v7e-m+fp/hard\libc_nano.a(lib_a-memset.o)
 .debug_frame   0x0000000000002f80       0x2c c:/st/stm32cubeide_1.7.0/stm32cubeide/plugins/com.st.stm32cube.ide.mcu.externaltools.gnu-tools-for-stm32.9-2020-q2-update.win32_2.0.0.202105311346/tools/bin/../lib/gcc/arm-none-eabi/9.3.1/thumb/v7e-m+fp/hard\libgcc.a(_aeabi_uldivmod.o)
 .debug_frame   0x0000000000002fac       0x34 c:/st/stm32cubeide_1.7.0/stm32cubeide/plugins/com.st.stm32cube.ide.mcu.externaltools.gnu-tools-for-stm32.9-2020-q2-update.win32_2.0.0.202105311346/tools/bin/../lib/gcc/arm-none-eabi/9.3.1/thumb/v7e-m+fp/hard\libgcc.a(_udivmoddi4.o)
