spi_ili9341.c:9:10:not	16	static
spi_ili9341.c:13:6:TFT9341_SendCommand	16	static
spi_ili9341.c:21:6:TFT9341_SendData	16	static
spi_ili9341.c:28:13:TFT9341_WriteData	24	static
spi_ili9341.c:41:6:TFT9341_reset	8	static
spi_ili9341.c:49:13:TFT9341_SetAddrWindow	32	static
spi_ili9341.c:69:6:TFT9341_FillRect	40	static
spi_ili9341.c:85:6:TFT9341_DrawPixel	24	static
spi_ili9341.c:95:6:TFT9341_DrawArray	32	static
spi_ili9341.c:112:6:TFT9341_DrawLine	56	static
spi_ili9341.c:148:6:TFT9341_FillScreen	24	static
spi_ili9341.c:153:10:TFT9341_RandColor	8	static
spi_ili9341.c:158:6:TFT9341_ini	32	static
