spi_ili9341.c:9:10:not	16	static
spi_ili9341.c:13:6:TFT9341_SendCommand	16	static
spi_ili9341.c:20:6:TFT9341_SendData	16	static
spi_ili9341.c:26:13:TFT9341_WriteData	24	static
spi_ili9341.c:38:6:TFT9341_reset	8	static
spi_ili9341.c:46:13:TFT9341_SetAddrWindow	32	static
spi_ili9341.c:66:6:TFT9341_FillRect	40	static
spi_ili9341.c:81:6:TFT9341_DrawPixel	24	static
spi_ili9341.c:91:6:TFT9341_DrawArray	32	static
spi_ili9341.c:108:6:TFT9341_DrawLine	56	static
spi_ili9341.c:144:6:TFT9341_FillScreen	24	static
spi_ili9341.c:149:10:TFT9341_RandColor	8	static
spi_ili9341.c:154:6:TFT9341_ini	32	static
